Using username "student-02-87a27c915597".
Authenticating with public key "imported-openssh-key"
Linux linux-instance 4.19.0-16-cloud-amd64 #1 SMP Debian 4.19.181-1 (2021-03-19) x86_64

The programs included with the Debian GNU/Linux system are free software;
the exact distribution terms for each program are described in the
individual files in /usr/share/doc/*/copyright.

Debian GNU/Linux comes with ABSOLUTELY NO WARRANTY, to the extent
permitted by applicable law.
student-02-87a27c915597@linux-instance:~$ ls -l
total 8
drwxrwxrwx 4 student-02-87a27c915597 root 4096 Jun 18 14:50 data
drwxrwxrwx 2 student-02-87a27c915597 root 4096 Jun 18 14:50 scripts
student-02-87a27c915597@linux-instance:~$
student-02-87a27c915597@linux-instance:~$
student-02-87a27c915597@linux-instance:~$ python3
Python 3.7.3 (default, Jan 22 2021, 20:04:44)
[GCC 8.3.0] on linux
Type "help", "copyright", "credits" or "license" for more information.
>>>
>>>
>>>
>>> >>>
  File "<stdin>", line 1
    >>>
     ^
SyntaxError: invalid syntax
>>> psutil.cpu_percent()
Traceback (most recent call last):
  File "<stdin>", line 1, in <module>
NameError: name 'psutil' is not defined
>>> import psutil
Traceback (most recent call last):
  File "<stdin>", line 1, in <module>
ModuleNotFoundError: No module named 'psutil'
>>> exit()
student-02-87a27c915597@linux-instance:~$ pip3 install psutil
-bash: pip3: command not found
student-02-87a27c915597@linux-instance:~$
student-02-87a27c915597@linux-instance:~$ >>>
-bash: syntax error near unexpected token `>'
student-02-87a27c915597@linux-instance:~$ sudo apt install python3-pip
Reading package lists... Done
Building dependency tree
Reading state information... Done
The following additional packages will be installed:
  binutils binutils-common binutils-x86-64-linux-gnu build-essential cpp cpp-8
  dh-python dpkg-dev fakeroot g++ g++-8 gcc gcc-8 gir1.2-glib-2.0
  libalgorithm-diff-perl libalgorithm-diff-xs-perl libalgorithm-merge-perl
  libasan5 libatomic1 libbinutils libc-dev-bin libc6 libc6-dev libcc1-0
  libdpkg-perl libexpat1 libexpat1-dev libfakeroot libfile-fcntllock-perl
  libgcc-8-dev libgdbm-compat4 libgirepository-1.0-1 libgomp1 libisl19 libitm1
  liblocale-gettext-perl liblsan0 libmpc3 libmpfr6 libmpx2 libperl5.28
  libpython3-dev libpython3.7 libpython3.7-dev libpython3.7-minimal
  libpython3.7-stdlib libquadmath0 libstdc++-8-dev libtsan0 libubsan1
  linux-libc-dev make manpages manpages-dev patch perl perl-modules-5.28
  python-pip-whl python3-asn1crypto python3-cffi-backend python3-crypto
  python3-cryptography python3-dev python3-distutils python3-entrypoints
  python3-gi python3-keyring python3-keyrings.alt python3-lib2to3
  python3-pkg-resources python3-secretstorage python3-setuptools python3-six
  python3-wheel python3-xdg python3.7 python3.7-dev python3.7-minimal
Suggested packages:
  binutils-doc cpp-doc gcc-8-locales debian-keyring g++-multilib
  g++-8-multilib gcc-8-doc libstdc++6-8-dbg gcc-multilib autoconf automake
  libtool flex bison gdb gcc-doc gcc-8-multilib libgcc1-dbg libgomp1-dbg
  libitm1-dbg libatomic1-dbg libasan5-dbg liblsan0-dbg libtsan0-dbg
  libubsan1-dbg libmpx2-dbg libquadmath0-dbg glibc-doc libc-l10n locales git
  bzr libstdc++-8-doc make-doc ed diffutils-doc perl-doc
  libterm-readline-gnu-perl | libterm-readline-perl-perl libb-debug-perl
  liblocale-codes-perl python-crypto-doc python-cryptography-doc
  python3-cryptography-vectors gnome-keyring libkf5wallet-bin
  gir1.2-gnomekeyring-1.0 python-secretstorage-doc python-setuptools-doc
  python3.7-venv python3.7-doc binfmt-support
The following NEW packages will be installed:
  binutils binutils-common binutils-x86-64-linux-gnu build-essential cpp cpp-8
  dh-python dpkg-dev fakeroot g++ g++-8 gcc gcc-8 gir1.2-glib-2.0
  libalgorithm-diff-perl libalgorithm-diff-xs-perl libalgorithm-merge-perl
  libasan5 libatomic1 libbinutils libc-dev-bin libc6-dev libcc1-0 libdpkg-perl
  libexpat1-dev libfakeroot libfile-fcntllock-perl libgcc-8-dev
  libgdbm-compat4 libgirepository-1.0-1 libgomp1 libisl19 libitm1
  liblocale-gettext-perl liblsan0 libmpc3 libmpfr6 libmpx2 libperl5.28
  libpython3-dev libpython3.7 libpython3.7-dev libquadmath0 libstdc++-8-dev
  libtsan0 libubsan1 linux-libc-dev make manpages manpages-dev patch perl
  perl-modules-5.28 python-pip-whl python3-asn1crypto python3-cffi-backend
  python3-crypto python3-cryptography python3-dev python3-distutils
  python3-entrypoints python3-gi python3-keyring python3-keyrings.alt
  python3-lib2to3 python3-pip python3-pkg-resources python3-secretstorage
  python3-setuptools python3-six python3-wheel python3-xdg python3.7-dev
The following packages will be upgraded:
  libc6 libexpat1 libpython3.7-minimal libpython3.7-stdlib python3.7
  python3.7-minimal
6 upgraded, 73 newly installed, 0 to remove and 86 not upgraded.
Need to get 120 MB of archives.
After this operation, 337 MB of additional disk space will be used.
Do you want to continue? [Y/n] y
Get:1 http://security.debian.org/debian-security buster/updates/main amd64 libc6 amd64 2.28-10+deb10u2 [2869 kB]
Get:2 http://deb.debian.org/debian buster/main amd64 perl-modules-5.28 all 5.28.1-6+deb10u1 [2873 kB]
Get:3 http://security.debian.org/debian-security buster/updates/main amd64 python3.7 amd64 3.7.3-2+deb10u4 [330 kB]
Get:4 http://deb.debian.org/debian buster/main amd64 libgdbm-compat4 amd64 1.18.1-4 [44.1 kB]
Get:5 http://deb.debian.org/debian buster/main amd64 libperl5.28 amd64 5.28.1-6+deb10u1 [3894 kB]
Get:6 http://security.debian.org/debian-security buster/updates/main amd64 libpython3.7-stdlib amd64 3.7.3-2+deb10u4 [1733 kB]
Get:7 http://security.debian.org/debian-security buster/updates/main amd64 python3.7-minimal amd64 3.7.3-2+deb10u4 [1736 kB]
Get:8 http://security.debian.org/debian-security buster/updates/main amd64 libpython3.7-minimal amd64 3.7.3-2+deb10u4 [589 kB]
Get:9 http://security.debian.org/debian-security buster/updates/main amd64 libexpat1 amd64 2.2.6-2+deb10u6 [108 kB]
Get:10 http://deb.debian.org/debian buster/main amd64 perl amd64 5.28.1-6+deb10u1 [204 kB]
Get:11 http://security.debian.org/debian-security buster/updates/main amd64 libc-dev-bin amd64 2.28-10+deb10u2 [276 kB]
Get:12 http://deb.debian.org/debian buster/main amd64 liblocale-gettext-perl amd64 1.07-3+b4 [18.9 kB]
Get:13 http://deb.debian.org/debian buster/main amd64 manpages all 4.16-2 [1295 kB]
Get:14 http://security.debian.org/debian-security buster/updates/main amd64 linux-libc-dev amd64 4.19.282-1 [1573 kB]
Get:15 http://deb.debian.org/debian buster/main amd64 binutils-common amd64 2.31.1-16 [2073 kB]
Get:16 http://security.debian.org/debian-security buster/updates/main amd64 libc6-dev amd64 2.28-10+deb10u2 [2693 kB]
Get:17 http://deb.debian.org/debian buster/main amd64 libbinutils amd64 2.31.1-16 [478 kB]
Get:18 http://deb.debian.org/debian buster/main amd64 binutils-x86-64-linux-gnu amd64 2.31.1-16 [1823 kB]
Get:19 http://security.debian.org/debian-security buster/updates/main amd64 libexpat1-dev amd64 2.2.6-2+deb10u6 [155 kB]
Get:20 http://security.debian.org/debian-security buster/updates/main amd64 libpython3.7 amd64 3.7.3-2+deb10u4 [1498 kB]
Get:21 http://deb.debian.org/debian buster/main amd64 binutils amd64 2.31.1-16 [56.8 kB]
Get:22 http://deb.debian.org/debian buster/main amd64 libisl19 amd64 0.20-2 [587 kB]
Get:23 http://security.debian.org/debian-security buster/updates/main amd64 libpython3.7-dev amd64 3.7.3-2+deb10u4 [48.4 MB]
Get:24 http://deb.debian.org/debian buster/main amd64 libmpfr6 amd64 4.0.2-1 [775 kB]
Get:25 http://deb.debian.org/debian buster/main amd64 libmpc3 amd64 1.1.0-1 [41.3 kB]
Get:26 http://deb.debian.org/debian buster/main amd64 cpp-8 amd64 8.3.0-6 [8914 kB]
Get:27 http://deb.debian.org/debian buster/main amd64 cpp amd64 4:8.3.0-1 [19.4 kB]
Get:28 http://deb.debian.org/debian buster/main amd64 libcc1-0 amd64 8.3.0-6 [46.6 kB]
Get:29 http://deb.debian.org/debian buster/main amd64 libgomp1 amd64 8.3.0-6 [75.8 kB]
Get:30 http://deb.debian.org/debian buster/main amd64 libitm1 amd64 8.3.0-6 [27.7 kB]
Get:31 http://deb.debian.org/debian buster/main amd64 libatomic1 amd64 8.3.0-6 [9032 B]
Get:32 http://deb.debian.org/debian buster/main amd64 libasan5 amd64 8.3.0-6 [362 kB]
Get:33 http://deb.debian.org/debian buster/main amd64 liblsan0 amd64 8.3.0-6 [131 kB]
Get:34 http://deb.debian.org/debian buster/main amd64 libtsan0 amd64 8.3.0-6 [283 kB]
Get:35 http://deb.debian.org/debian buster/main amd64 libubsan1 amd64 8.3.0-6 [120 kB]
Get:36 http://deb.debian.org/debian buster/main amd64 libmpx2 amd64 8.3.0-6 [11.4 kB]
Get:37 http://deb.debian.org/debian buster/main amd64 libquadmath0 amd64 8.3.0-6 [133 kB]
Get:38 http://deb.debian.org/debian buster/main amd64 libgcc-8-dev amd64 8.3.0-6 [2298 kB]
Get:39 http://deb.debian.org/debian buster/main amd64 gcc-8 amd64 8.3.0-6 [9452 kB]
Get:40 http://deb.debian.org/debian buster/main amd64 gcc amd64 4:8.3.0-1 [5196 B]
Get:41 http://deb.debian.org/debian buster/main amd64 libstdc++-8-dev amd64 8.3.0-6 [1532 kB]
Get:42 http://deb.debian.org/debian buster/main amd64 g++-8 amd64 8.3.0-6 [9752 kB]
Get:43 http://deb.debian.org/debian buster/main amd64 g++ amd64 4:8.3.0-1 [1644 B]
Get:44 http://deb.debian.org/debian buster/main amd64 make amd64 4.2.1-1.2 [341 kB]
Get:45 http://deb.debian.org/debian buster/main amd64 libdpkg-perl all 1.19.8 [1415 kB]
Get:46 http://deb.debian.org/debian buster/main amd64 patch amd64 2.7.6-3+deb10u1 [126 kB]
Get:47 http://deb.debian.org/debian buster/main amd64 dpkg-dev all 1.19.8 [1776 kB]
Get:48 http://deb.debian.org/debian buster/main amd64 build-essential amd64 12.6 [7576 B]
Get:49 http://deb.debian.org/debian buster/main amd64 python3-lib2to3 all 3.7.3-1 [76.7 kB]
Get:50 http://deb.debian.org/debian buster/main amd64 python3-distutils all 3.7.3-1 [142 kB]
Get:51 http://deb.debian.org/debian buster/main amd64 dh-python all 3.20190308 [99.3 kB]
Get:52 http://deb.debian.org/debian buster/main amd64 libfakeroot amd64 1.23-1 [45.9 kB]
Get:53 http://deb.debian.org/debian buster/main amd64 fakeroot amd64 1.23-1 [85.8 kB]
Get:54 http://deb.debian.org/debian buster/main amd64 libgirepository-1.0-1 amd64 1.58.3-2 [92.8 kB]
Get:55 http://deb.debian.org/debian buster/main amd64 gir1.2-glib-2.0 amd64 1.58.3-2 [143 kB]
Get:56 http://deb.debian.org/debian buster/main amd64 libalgorithm-diff-perl all 1.19.03-2 [47.9 kB]
Get:57 http://deb.debian.org/debian buster/main amd64 libalgorithm-diff-xs-perl amd64 0.04-5+b1 [11.8 kB]
Get:58 http://deb.debian.org/debian buster/main amd64 libalgorithm-merge-perl all 0.08-3 [12.7 kB]
Get:59 http://deb.debian.org/debian buster/main amd64 libfile-fcntllock-perl amd64 0.22-3+b5 [35.4 kB]
Get:60 http://deb.debian.org/debian buster/main amd64 libpython3-dev amd64 3.7.3-1 [20.1 kB]
Get:61 http://deb.debian.org/debian buster/main amd64 manpages-dev all 4.16-2 [2232 kB]
Get:62 http://security.debian.org/debian-security buster/updates/main amd64 python3-cryptography amd64 2.6.1-3+deb10u4 [218 kB]
Get:63 http://security.debian.org/debian-security buster/updates/main amd64 python3.7-dev amd64 3.7.3-2+deb10u4 [513 kB]
Get:64 http://deb.debian.org/debian buster/main amd64 python-pip-whl all 18.1-5 [1591 kB]
Get:65 http://deb.debian.org/debian buster/main amd64 python3-asn1crypto all 0.24.0-1 [78.2 kB]
Get:66 http://deb.debian.org/debian buster/main amd64 python3-cffi-backend amd64 1.12.2-1 [79.7 kB]
Get:67 http://deb.debian.org/debian buster/main amd64 python3-crypto amd64 2.6.1-9+b1 [263 kB]
Get:68 http://deb.debian.org/debian buster/main amd64 python3-six all 1.12.0-1 [15.7 kB]
Get:69 http://deb.debian.org/debian buster/main amd64 python3-dev amd64 3.7.3-1 [1264 B]
Get:70 http://deb.debian.org/debian buster/main amd64 python3-entrypoints all 0.3-1 [5508 B]
Get:71 http://deb.debian.org/debian buster/main amd64 python3-gi amd64 3.30.4-1 [180 kB]
Get:72 http://deb.debian.org/debian buster/main amd64 python3-secretstorage all 2.3.1-2 [14.2 kB]
Get:73 http://deb.debian.org/debian buster/main amd64 python3-keyring all 17.1.1-1 [43.1 kB]
Get:74 http://deb.debian.org/debian buster/main amd64 python3-keyrings.alt all 3.1.1-1 [18.2 kB]
Get:75 http://deb.debian.org/debian buster/main amd64 python3-pip all 18.1-5 [171 kB]
Get:76 http://deb.debian.org/debian buster/main amd64 python3-pkg-resources all 40.8.0-1 [153 kB]
Get:77 http://deb.debian.org/debian buster/main amd64 python3-setuptools all 40.8.0-1 [306 kB]
Get:78 http://deb.debian.org/debian buster/main amd64 python3-wheel all 0.32.3-2 [19.4 kB]
Get:79 http://deb.debian.org/debian buster/main amd64 python3-xdg all 0.25-5 [35.9 kB]
Fetched 120 MB in 1s (88.5 MB/s)
Extracting templates from packages: 100%
Preconfiguring packages ...
Selecting previously unselected package perl-modules-5.28.
(Reading database ... 41917 files and directories currently installed.)
Preparing to unpack .../perl-modules-5.28_5.28.1-6+deb10u1_all.deb ...
Unpacking perl-modules-5.28 (5.28.1-6+deb10u1) ...
Preparing to unpack .../libc6_2.28-10+deb10u2_amd64.deb ...
Unpacking libc6:amd64 (2.28-10+deb10u2) over (2.28-10) ...
Setting up libc6:amd64 (2.28-10+deb10u2) ...
Selecting previously unselected package libgdbm-compat4:amd64.
(Reading database ... 43288 files and directories currently installed.)
Preparing to unpack .../00-libgdbm-compat4_1.18.1-4_amd64.deb ...
Unpacking libgdbm-compat4:amd64 (1.18.1-4) ...
Selecting previously unselected package libperl5.28:amd64.
Preparing to unpack .../01-libperl5.28_5.28.1-6+deb10u1_amd64.deb ...
Unpacking libperl5.28:amd64 (5.28.1-6+deb10u1) ...
Selecting previously unselected package perl.
Preparing to unpack .../02-perl_5.28.1-6+deb10u1_amd64.deb ...
Unpacking perl (5.28.1-6+deb10u1) ...
Selecting previously unselected package liblocale-gettext-perl.
Preparing to unpack .../03-liblocale-gettext-perl_1.07-3+b4_amd64.deb ...
Unpacking liblocale-gettext-perl (1.07-3+b4) ...
Preparing to unpack .../04-python3.7_3.7.3-2+deb10u4_amd64.deb ...
Unpacking python3.7 (3.7.3-2+deb10u4) over (3.7.3-2+deb10u3) ...
Preparing to unpack .../05-libpython3.7-stdlib_3.7.3-2+deb10u4_amd64.deb ...
Unpacking libpython3.7-stdlib:amd64 (3.7.3-2+deb10u4) over (3.7.3-2+deb10u3) ...
Preparing to unpack .../06-python3.7-minimal_3.7.3-2+deb10u4_amd64.deb ...
Unpacking python3.7-minimal (3.7.3-2+deb10u4) over (3.7.3-2+deb10u3) ...
Preparing to unpack .../07-libpython3.7-minimal_3.7.3-2+deb10u4_amd64.deb ...
Unpacking libpython3.7-minimal:amd64 (3.7.3-2+deb10u4) over (3.7.3-2+deb10u3) ...
Preparing to unpack .../08-libexpat1_2.2.6-2+deb10u6_amd64.deb ...
Unpacking libexpat1:amd64 (2.2.6-2+deb10u6) over (2.2.6-2+deb10u1) ...
Selecting previously unselected package manpages.
Preparing to unpack .../09-manpages_4.16-2_all.deb ...
Unpacking manpages (4.16-2) ...
Selecting previously unselected package binutils-common:amd64.
Preparing to unpack .../10-binutils-common_2.31.1-16_amd64.deb ...
Unpacking binutils-common:amd64 (2.31.1-16) ...
Selecting previously unselected package libbinutils:amd64.
Preparing to unpack .../11-libbinutils_2.31.1-16_amd64.deb ...
Unpacking libbinutils:amd64 (2.31.1-16) ...
Selecting previously unselected package binutils-x86-64-linux-gnu.
Preparing to unpack .../12-binutils-x86-64-linux-gnu_2.31.1-16_amd64.deb ...
Unpacking binutils-x86-64-linux-gnu (2.31.1-16) ...
Selecting previously unselected package binutils.
Preparing to unpack .../13-binutils_2.31.1-16_amd64.deb ...
Unpacking binutils (2.31.1-16) ...
Selecting previously unselected package libc-dev-bin.
Preparing to unpack .../14-libc-dev-bin_2.28-10+deb10u2_amd64.deb ...
Unpacking libc-dev-bin (2.28-10+deb10u2) ...
Selecting previously unselected package linux-libc-dev:amd64.
Preparing to unpack .../15-linux-libc-dev_4.19.282-1_amd64.deb ...
Unpacking linux-libc-dev:amd64 (4.19.282-1) ...
Selecting previously unselected package libc6-dev:amd64.
Preparing to unpack .../16-libc6-dev_2.28-10+deb10u2_amd64.deb ...
Unpacking libc6-dev:amd64 (2.28-10+deb10u2) ...
Selecting previously unselected package libisl19:amd64.
Preparing to unpack .../17-libisl19_0.20-2_amd64.deb ...
Unpacking libisl19:amd64 (0.20-2) ...
Selecting previously unselected package libmpfr6:amd64.
Preparing to unpack .../18-libmpfr6_4.0.2-1_amd64.deb ...
Unpacking libmpfr6:amd64 (4.0.2-1) ...
Selecting previously unselected package libmpc3:amd64.
Preparing to unpack .../19-libmpc3_1.1.0-1_amd64.deb ...
Unpacking libmpc3:amd64 (1.1.0-1) ...
Selecting previously unselected package cpp-8.
Preparing to unpack .../20-cpp-8_8.3.0-6_amd64.deb ...
Unpacking cpp-8 (8.3.0-6) ...
Selecting previously unselected package cpp.
Preparing to unpack .../21-cpp_4%3a8.3.0-1_amd64.deb ...
Unpacking cpp (4:8.3.0-1) ...
Selecting previously unselected package libcc1-0:amd64.
Preparing to unpack .../22-libcc1-0_8.3.0-6_amd64.deb ...
Unpacking libcc1-0:amd64 (8.3.0-6) ...
Selecting previously unselected package libgomp1:amd64.
Preparing to unpack .../23-libgomp1_8.3.0-6_amd64.deb ...
Unpacking libgomp1:amd64 (8.3.0-6) ...
Selecting previously unselected package libitm1:amd64.
Preparing to unpack .../24-libitm1_8.3.0-6_amd64.deb ...
Unpacking libitm1:amd64 (8.3.0-6) ...
Selecting previously unselected package libatomic1:amd64.
Preparing to unpack .../25-libatomic1_8.3.0-6_amd64.deb ...
Unpacking libatomic1:amd64 (8.3.0-6) ...
Selecting previously unselected package libasan5:amd64.
Preparing to unpack .../26-libasan5_8.3.0-6_amd64.deb ...
Unpacking libasan5:amd64 (8.3.0-6) ...
Selecting previously unselected package liblsan0:amd64.
Preparing to unpack .../27-liblsan0_8.3.0-6_amd64.deb ...
Unpacking liblsan0:amd64 (8.3.0-6) ...
Selecting previously unselected package libtsan0:amd64.
Preparing to unpack .../28-libtsan0_8.3.0-6_amd64.deb ...
Unpacking libtsan0:amd64 (8.3.0-6) ...
Selecting previously unselected package libubsan1:amd64.
Preparing to unpack .../29-libubsan1_8.3.0-6_amd64.deb ...
Unpacking libubsan1:amd64 (8.3.0-6) ...
Selecting previously unselected package libmpx2:amd64.
Preparing to unpack .../30-libmpx2_8.3.0-6_amd64.deb ...
Unpacking libmpx2:amd64 (8.3.0-6) ...
Selecting previously unselected package libquadmath0:amd64.
Preparing to unpack .../31-libquadmath0_8.3.0-6_amd64.deb ...
Unpacking libquadmath0:amd64 (8.3.0-6) ...
Selecting previously unselected package libgcc-8-dev:amd64.
Preparing to unpack .../32-libgcc-8-dev_8.3.0-6_amd64.deb ...
Unpacking libgcc-8-dev:amd64 (8.3.0-6) ...
Selecting previously unselected package gcc-8.
Preparing to unpack .../33-gcc-8_8.3.0-6_amd64.deb ...
Unpacking gcc-8 (8.3.0-6) ...
Selecting previously unselected package gcc.
Preparing to unpack .../34-gcc_4%3a8.3.0-1_amd64.deb ...
Unpacking gcc (4:8.3.0-1) ...
Selecting previously unselected package libstdc++-8-dev:amd64.
Preparing to unpack .../35-libstdc++-8-dev_8.3.0-6_amd64.deb ...
Unpacking libstdc++-8-dev:amd64 (8.3.0-6) ...
Selecting previously unselected package g++-8.
Preparing to unpack .../36-g++-8_8.3.0-6_amd64.deb ...
Unpacking g++-8 (8.3.0-6) ...
Selecting previously unselected package g++.
Preparing to unpack .../37-g++_4%3a8.3.0-1_amd64.deb ...
Unpacking g++ (4:8.3.0-1) ...
Selecting previously unselected package make.
Preparing to unpack .../38-make_4.2.1-1.2_amd64.deb ...
Unpacking make (4.2.1-1.2) ...
Selecting previously unselected package libdpkg-perl.
Preparing to unpack .../39-libdpkg-perl_1.19.8_all.deb ...
Unpacking libdpkg-perl (1.19.8) ...
Selecting previously unselected package patch.
Preparing to unpack .../40-patch_2.7.6-3+deb10u1_amd64.deb ...
Unpacking patch (2.7.6-3+deb10u1) ...
Selecting previously unselected package dpkg-dev.
Preparing to unpack .../41-dpkg-dev_1.19.8_all.deb ...
Unpacking dpkg-dev (1.19.8) ...
Selecting previously unselected package build-essential.
Preparing to unpack .../42-build-essential_12.6_amd64.deb ...
Unpacking build-essential (12.6) ...
Selecting previously unselected package python3-lib2to3.
Preparing to unpack .../43-python3-lib2to3_3.7.3-1_all.deb ...
Unpacking python3-lib2to3 (3.7.3-1) ...
Selecting previously unselected package python3-distutils.
Preparing to unpack .../44-python3-distutils_3.7.3-1_all.deb ...
Unpacking python3-distutils (3.7.3-1) ...
Selecting previously unselected package dh-python.
Preparing to unpack .../45-dh-python_3.20190308_all.deb ...
Unpacking dh-python (3.20190308) ...
Selecting previously unselected package libfakeroot:amd64.
Preparing to unpack .../46-libfakeroot_1.23-1_amd64.deb ...
Unpacking libfakeroot:amd64 (1.23-1) ...
Selecting previously unselected package fakeroot.
Preparing to unpack .../47-fakeroot_1.23-1_amd64.deb ...
Unpacking fakeroot (1.23-1) ...
Selecting previously unselected package libgirepository-1.0-1:amd64.
Preparing to unpack .../48-libgirepository-1.0-1_1.58.3-2_amd64.deb ...
Unpacking libgirepository-1.0-1:amd64 (1.58.3-2) ...
Selecting previously unselected package gir1.2-glib-2.0:amd64.
Preparing to unpack .../49-gir1.2-glib-2.0_1.58.3-2_amd64.deb ...
Unpacking gir1.2-glib-2.0:amd64 (1.58.3-2) ...
Selecting previously unselected package libalgorithm-diff-perl.
Preparing to unpack .../50-libalgorithm-diff-perl_1.19.03-2_all.deb ...
Unpacking libalgorithm-diff-perl (1.19.03-2) ...
Selecting previously unselected package libalgorithm-diff-xs-perl.
Preparing to unpack .../51-libalgorithm-diff-xs-perl_0.04-5+b1_amd64.deb ...
Unpacking libalgorithm-diff-xs-perl (0.04-5+b1) ...
Selecting previously unselected package libalgorithm-merge-perl.
Preparing to unpack .../52-libalgorithm-merge-perl_0.08-3_all.deb ...
Unpacking libalgorithm-merge-perl (0.08-3) ...
Selecting previously unselected package libexpat1-dev:amd64.
Preparing to unpack .../53-libexpat1-dev_2.2.6-2+deb10u6_amd64.deb ...
Unpacking libexpat1-dev:amd64 (2.2.6-2+deb10u6) ...
Selecting previously unselected package libfile-fcntllock-perl.
Preparing to unpack .../54-libfile-fcntllock-perl_0.22-3+b5_amd64.deb ...
Unpacking libfile-fcntllock-perl (0.22-3+b5) ...
Selecting previously unselected package libpython3.7:amd64.
Preparing to unpack .../55-libpython3.7_3.7.3-2+deb10u4_amd64.deb ...
Unpacking libpython3.7:amd64 (3.7.3-2+deb10u4) ...
Selecting previously unselected package libpython3.7-dev:amd64.
Preparing to unpack .../56-libpython3.7-dev_3.7.3-2+deb10u4_amd64.deb ...
Unpacking libpython3.7-dev:amd64 (3.7.3-2+deb10u4) ...
Selecting previously unselected package libpython3-dev:amd64.
Preparing to unpack .../57-libpython3-dev_3.7.3-1_amd64.deb ...
Unpacking libpython3-dev:amd64 (3.7.3-1) ...
Selecting previously unselected package manpages-dev.
Preparing to unpack .../58-manpages-dev_4.16-2_all.deb ...
Unpacking manpages-dev (4.16-2) ...
Selecting previously unselected package python-pip-whl.
Preparing to unpack .../59-python-pip-whl_18.1-5_all.deb ...
Unpacking python-pip-whl (18.1-5) ...
Selecting previously unselected package python3-asn1crypto.
Preparing to unpack .../60-python3-asn1crypto_0.24.0-1_all.deb ...
Unpacking python3-asn1crypto (0.24.0-1) ...
Selecting previously unselected package python3-cffi-backend.
Preparing to unpack .../61-python3-cffi-backend_1.12.2-1_amd64.deb ...
Unpacking python3-cffi-backend (1.12.2-1) ...
Selecting previously unselected package python3-crypto.
Preparing to unpack .../62-python3-crypto_2.6.1-9+b1_amd64.deb ...
Unpacking python3-crypto (2.6.1-9+b1) ...
Selecting previously unselected package python3-six.
Preparing to unpack .../63-python3-six_1.12.0-1_all.deb ...
Unpacking python3-six (1.12.0-1) ...
Selecting previously unselected package python3-cryptography.
Preparing to unpack .../64-python3-cryptography_2.6.1-3+deb10u4_amd64.deb ...
Unpacking python3-cryptography (2.6.1-3+deb10u4) ...
Selecting previously unselected package python3.7-dev.
Preparing to unpack .../65-python3.7-dev_3.7.3-2+deb10u4_amd64.deb ...
Unpacking python3.7-dev (3.7.3-2+deb10u4) ...
Selecting previously unselected package python3-dev.
Preparing to unpack .../66-python3-dev_3.7.3-1_amd64.deb ...
Unpacking python3-dev (3.7.3-1) ...
Selecting previously unselected package python3-entrypoints.
Preparing to unpack .../67-python3-entrypoints_0.3-1_all.deb ...
Unpacking python3-entrypoints (0.3-1) ...
Selecting previously unselected package python3-gi.
Preparing to unpack .../68-python3-gi_3.30.4-1_amd64.deb ...
Unpacking python3-gi (3.30.4-1) ...
Selecting previously unselected package python3-secretstorage.
Preparing to unpack .../69-python3-secretstorage_2.3.1-2_all.deb ...
Unpacking python3-secretstorage (2.3.1-2) ...
Selecting previously unselected package python3-keyring.
Preparing to unpack .../70-python3-keyring_17.1.1-1_all.deb ...
Unpacking python3-keyring (17.1.1-1) ...
Selecting previously unselected package python3-keyrings.alt.
Preparing to unpack .../71-python3-keyrings.alt_3.1.1-1_all.deb ...
Unpacking python3-keyrings.alt (3.1.1-1) ...
Selecting previously unselected package python3-pip.
Preparing to unpack .../72-python3-pip_18.1-5_all.deb ...
Unpacking python3-pip (18.1-5) ...
Selecting previously unselected package python3-pkg-resources.
Preparing to unpack .../73-python3-pkg-resources_40.8.0-1_all.deb ...
Unpacking python3-pkg-resources (40.8.0-1) ...
Selecting previously unselected package python3-setuptools.
Preparing to unpack .../74-python3-setuptools_40.8.0-1_all.deb ...
Unpacking python3-setuptools (40.8.0-1) ...
Selecting previously unselected package python3-wheel.
Preparing to unpack .../75-python3-wheel_0.32.3-2_all.deb ...
Unpacking python3-wheel (0.32.3-2) ...
Selecting previously unselected package python3-xdg.
Preparing to unpack .../76-python3-xdg_0.25-5_all.deb ...
Unpacking python3-xdg (0.25-5) ...
Setting up python3-pkg-resources (40.8.0-1) ...
Setting up python3-entrypoints (0.3-1) ...
Setting up perl-modules-5.28 (5.28.1-6+deb10u1) ...
Setting up libexpat1:amd64 (2.2.6-2+deb10u6) ...
Setting up manpages (4.16-2) ...
Setting up binutils-common:amd64 (2.31.1-16) ...
Setting up linux-libc-dev:amd64 (4.19.282-1) ...
Setting up libgomp1:amd64 (8.3.0-6) ...
Setting up python3-xdg (0.25-5) ...
Setting up libpython3.7-minimal:amd64 (3.7.3-2+deb10u4) ...
Setting up python3-wheel (0.32.3-2) ...
Setting up libfakeroot:amd64 (1.23-1) ...
Setting up fakeroot (1.23-1) ...
update-alternatives: using /usr/bin/fakeroot-sysv to provide /usr/bin/fakeroot (fakeroot) in auto mode
Setting up python3-six (1.12.0-1) ...
Setting up libasan5:amd64 (8.3.0-6) ...
Setting up make (4.2.1-1.2) ...
Setting up libmpfr6:amd64 (4.0.2-1) ...
Setting up libquadmath0:amd64 (8.3.0-6) ...
Setting up libmpc3:amd64 (1.1.0-1) ...
Setting up libatomic1:amd64 (8.3.0-6) ...
Setting up patch (2.7.6-3+deb10u1) ...
Setting up libgdbm-compat4:amd64 (1.18.1-4) ...
Setting up python3.7-minimal (3.7.3-2+deb10u4) ...
Setting up libperl5.28:amd64 (5.28.1-6+deb10u1) ...
Setting up libmpx2:amd64 (8.3.0-6) ...
Setting up libubsan1:amd64 (8.3.0-6) ...
Setting up libisl19:amd64 (0.20-2) ...
Setting up python3-crypto (2.6.1-9+b1) ...
Setting up libgirepository-1.0-1:amd64 (1.58.3-2) ...
Setting up python-pip-whl (18.1-5) ...
Setting up libbinutils:amd64 (2.31.1-16) ...
Setting up cpp-8 (8.3.0-6) ...
Setting up libc-dev-bin (2.28-10+deb10u2) ...
Setting up python3-lib2to3 (3.7.3-1) ...
Setting up python3-asn1crypto (0.24.0-1) ...
Setting up libcc1-0:amd64 (8.3.0-6) ...
Setting up liblocale-gettext-perl (1.07-3+b4) ...
Setting up liblsan0:amd64 (8.3.0-6) ...
Setting up libitm1:amd64 (8.3.0-6) ...
Setting up python3-cffi-backend (1.12.2-1) ...
Setting up binutils-x86-64-linux-gnu (2.31.1-16) ...
Setting up libtsan0:amd64 (8.3.0-6) ...
Setting up python3-distutils (3.7.3-1) ...
Setting up dh-python (3.20190308) ...
Setting up manpages-dev (4.16-2) ...
Setting up libpython3.7-stdlib:amd64 (3.7.3-2+deb10u4) ...
Setting up python3-setuptools (40.8.0-1) ...
Setting up libpython3.7:amd64 (3.7.3-2+deb10u4) ...
Setting up binutils (2.31.1-16) ...
Setting up perl (5.28.1-6+deb10u1) ...
Setting up python3-cryptography (2.6.1-3+deb10u4) ...
Setting up gir1.2-glib-2.0:amd64 (1.58.3-2) ...
Setting up python3-pip (18.1-5) ...
Setting up libdpkg-perl (1.19.8) ...
Setting up libgcc-8-dev:amd64 (8.3.0-6) ...
Setting up cpp (4:8.3.0-1) ...
Setting up python3-keyrings.alt (3.1.1-1) ...
Setting up libc6-dev:amd64 (2.28-10+deb10u2) ...
Setting up libstdc++-8-dev:amd64 (8.3.0-6) ...
Setting up python3.7 (3.7.3-2+deb10u4) ...
Setting up gcc-8 (8.3.0-6) ...
Setting up libfile-fcntllock-perl (0.22-3+b5) ...
Setting up libalgorithm-diff-perl (1.19.03-2) ...
Setting up gcc (4:8.3.0-1) ...
Setting up dpkg-dev (1.19.8) ...
Setting up libexpat1-dev:amd64 (2.2.6-2+deb10u6) ...
Setting up python3-secretstorage (2.3.1-2) ...
Setting up python3-gi (3.30.4-1) ...
Setting up g++-8 (8.3.0-6) ...
Setting up python3-keyring (17.1.1-1) ...
Setting up libalgorithm-diff-xs-perl (0.04-5+b1) ...
Setting up libalgorithm-merge-perl (0.08-3) ...
Setting up libpython3.7-dev:amd64 (3.7.3-2+deb10u4) ...
Setting up python3.7-dev (3.7.3-2+deb10u4) ...
Setting up g++ (4:8.3.0-1) ...
update-alternatives: using /usr/bin/g++ to provide /usr/bin/c++ (c++) in auto mode
Setting up build-essential (12.6) ...
Setting up libpython3-dev:amd64 (3.7.3-1) ...
Setting up python3-dev (3.7.3-1) ...
Processing triggers for libc-bin (2.28-10) ...
Processing triggers for man-db (2.8.5-2) ...
Processing triggers for mime-support (3.62) ...
student-02-87a27c915597@linux-instance:~$ pip3 install psutil
Collecting psutil
  Downloading https://files.pythonhosted.org/packages/d6/0f/96b7309212a926c1448366e9ce69b081ea79d63265bde33f11cc9cfc2c07/psutil-5.9.5.tar.gz (493kB)
    100% |████████████████████████████████| 501kB 2.3MB/s
  Installing build dependencies ... done
Building wheels for collected packages: psutil
  Running setup.py bdist_wheel for psutil ... done
  Stored in directory: /home/student-02-87a27c915597/.cache/pip/wheels/b5/9d/ae/400da2e6992e85aa9b2ea20b904d445fe68c1a890f8788bc7e
Successfully built psutil
Installing collected packages: psutil
Successfully installed psutil-5.9.5
student-02-87a27c915597@linux-instance:~$ python3
Python 3.7.3 (default, Oct 31 2022, 14:04:00)
[GCC 8.3.0] on linux
Type "help", "copyright", "credits" or "license" for more information.
>>> import psutil
>>> psutil.cpu_percent()
0.0
>>> psutil.disk_io_counters()
sdiskio(read_count=6209, write_count=24959, read_bytes=150706688, write_bytes=906176000, read_time=23483, write_time=100855, read_merged_count=0, write_merged_count=22400, busy_time=428352)
>>> psutil.net_io_counters()
snetio(bytes_sent=618445, bytes_recv=147715473, packets_sent=5360, packets_recv=7947, errin=0, errout=0, dropin=0, dropout=0)
>>> exit()
student-02-87a27c915597@linux-instance:~$ ls ~/scripts
dailysync.py  multisync.py
student-02-87a27c915597@linux-instance:~$ cat dailysync.py
cat: dailysync.py: No such file or directory
student-02-87a27c915597@linux-instance:~$ cd scripts
student-02-87a27c915597@linux-instance:~/scripts$ ls -l
total 8
-rw-rw-rw- 1 root root 134 Jun 18 14:50 dailysync.py
-rw-rw-rw- 1 root root 346 Jun 18 14:50 multisync.py
student-02-87a27c915597@linux-instance:~/scripts$ cat dailysync.py
#!/usr/bin/env python
import subprocess
src = "/data/prod/"
dest = "/data/prod_backup/"
subprocess.call(["rsync", "-arq", src, dest])
student-02-87a27c915597@linux-instance:~/scripts$ cat multisync.py
#!/usr/bin/env python3
from multiprocessing import Pool
def run(task):
  # Do something with task here
    print("Handling {}".format(task))
if __name__ == "__main__":
  tasks = ['task1', 'task2', 'task3']
  # Create a pool of specific number of CPUs
  p = Pool(len(tasks))
  # Start each task within the pool
  p.map(run, tasks)
EOF
student-02-87a27c915597@linux-instance:~/scripts$ sudo chmod +x multisync.py
student-02-87a27c915597@linux-instance:~/scripts$ multisync.py
-bash: multisync.py: command not found
student-02-87a27c915597@linux-instance:~/scripts$ cd..
-bash: cd..: command not found
student-02-87a27c915597@linux-instance:~/scripts$ cd ..
student-02-87a27c915597@linux-instance:~$ cd scripts
student-02-87a27c915597@linux-instance:~/scripts$ ls -l
total 8
-rw-rw-rw- 1 root root 134 Jun 18 14:50 dailysync.py
-rwxrwxrwx 1 root root 346 Jun 18 14:50 multisync.py
student-02-87a27c915597@linux-instance:~/scripts$ cd..
-bash: cd..: command not found
student-02-87a27c915597@linux-instance:~/scripts$ cd ..
student-02-87a27c915597@linux-instance:~$ ./scripts/multisync.py
Handling task1
Handling task2
Handling task3
Traceback (most recent call last):
  File "./scripts/multisync.py", line 12, in <module>
    EOF
NameError: name 'EOF' is not defined
student-02-87a27c915597@linux-instance:~$ sudo chmod +x ~/scripts/dailysync.py
student-02-87a27c915597@linux-instance:~$ nano ~/scripts/dailysync.py
student-02-87a27c915597@linux-instance:~$ ./scripts/dailysync.py
student-02-87a27c915597@linux-instance:~$ ls -l
total 8
drwxrwxrwx 4 student-02-87a27c915597 root 4096 Jun 18 14:50 data
drwxrwxrwx 2 student-02-87a27c915597 root 4096 Jun 18 15:03 scripts
student-02-87a27c915597@linux-instance:~$ cd data
student-02-87a27c915597@linux-instance:~/data$ ls -l
total 8
drwxrwxrwx 9 student-02-87a27c915597 root 4096 Jun 18 14:50 prod
drwxrwxrwx 9 student-02-87a27c915597 root 4096 Jun 18 15:03 prod_backup
student-02-87a27c915597@linux-instance:~/data$ cd prod_backup
student-02-87a27c915597@linux-instance:~/data/prod_backup$ ls -l
total 28
drwxrwxrwx 3 student-02-87a27c915597 student-02-87a27c915597 4096 Jun 18 14:50 alpha
drwxrwxrwx 2 student-02-87a27c915597 student-02-87a27c915597 4096 Jun 18 14:50 beta
drwxrwxrwx 3 student-02-87a27c915597 student-02-87a27c915597 4096 Jun 18 14:50 delta
drwxrwxrwx 3 student-02-87a27c915597 student-02-87a27c915597 4096 Jun 18 14:50 gamma
drwxrwxrwx 5 student-02-87a27c915597 student-02-87a27c915597 4096 Jun 18 14:50 kappa
drwxrwxrwx 2 student-02-87a27c915597 student-02-87a27c915597 4096 Jun 18 14:50 omega
drwxrwxrwx 2 student-02-87a27c915597 student-02-87a27c915597 4096 Jun 18 14:50 sigma
student-02-87a27c915597@linux-instance:~/data/prod_backup$ cd ..
student-02-87a27c915597@linux-instance:~/data$ cd prod
student-02-87a27c915597@linux-instance:~/data/prod$ ls -l
total 28
drwxrwxrwx 3 student-02-87a27c915597 root 4096 Jun 18 14:50 alpha
drwxrwxrwx 2 student-02-87a27c915597 root 4096 Jun 18 14:50 beta
drwxrwxrwx 3 student-02-87a27c915597 root 4096 Jun 18 14:50 delta
drwxrwxrwx 3 student-02-87a27c915597 root 4096 Jun 18 14:50 gamma
drwxrwxrwx 5 student-02-87a27c915597 root 4096 Jun 18 14:50 kappa
drwxrwxrwx 2 student-02-87a27c915597 root 4096 Jun 18 14:50 omega
drwxrwxrwx 2 student-02-87a27c915597 root 4096 Jun 18 14:50 sigma
student-02-87a27c915597@linux-instance:~/data/prod$ cd ..
student-02-87a27c915597@linux-instance:~/data$ cd ..
student-02-87a27c915597@linux-instance:~$ python3
Python 3.7.3 (default, Oct 31 2022, 14:04:00)
[GCC 8.3.0] on linux
Type "help", "copyright", "credits" or "license" for more information.
>>> from multiprocessing import Pool
>>> import os
>>> import subprocess
>>>
>>> src = "/home/USERNAME/data/prod"
>>> dirs = next(os.walk(src))[1]
Traceback (most recent call last):
  File "<stdin>", line 1, in <module>
StopIteration
>>> dirs
Traceback (most recent call last):
  File "<stdin>", line 1, in <module>
NameError: name 'dirs' is not defined
>>> print(dirs)
Traceback (most recent call last):
  File "<stdin>", line 1, in <module>
NameError: name 'dirs' is not defined
>>> os.walk(src)
<generator object walk at 0x7f68e2495ed0>
>>> next(os.walk(src))[1]
Traceback (most recent call last):
  File "<stdin>", line 1, in <module>
StopIteration
>>> src
'/home/USERNAME/data/prod'
>>> src = "/home/student-02-87a27c915597/data/prod"
>>> dirs = next(os.walk(src))[1]
>>> dirs
['alpha', 'beta', 'delta', 'omega', 'kappa', 'sigma', 'gamma']
>>> os.walk(src)
<generator object walk at 0x7f68e2495ed0>
>>> next(os.walk(src))
('/home/student-02-87a27c915597/data/prod', ['alpha', 'beta', 'delta', 'omega', 'kappa', 'sigma', 'gamma'], [])
>>> len(dirs)
7
>>> p=Pool(len(dirs))
>>> p
<multiprocessing.pool.Pool object at 0x7f68e27fc6d8>
>>> len(p)
Traceback (most recent call last):
  File "<stdin>", line 1, in <module>
TypeError: object of type 'Pool' has no len()
>>> type(p)
<class 'multiprocessing.pool.Pool'>
>>> help p
  File "<stdin>", line 1
    help p
         ^
SyntaxError: invalid syntax
>>> help(p)

[1]+  Stopped                 python3
student-02-87a27c915597@linux-instance:~$
